Archive member included to satisfy reference by file (symbol)

../lib/libstatique.a(makerLine.o)
                              robot2.o (_ZN9MakerLine16correctDeviationEh)
../lib/libstatique.a(memoire_24.o)
                              robot2.o (_ZN13Memoire24CXXXD1Ev)
../lib/libstatique.a(midi.o)  robot2.o (_ZN4Midi4initEv)
../lib/libstatique.a(robot.o)
                              robot2.o (_ZN5RobotC1Ev)
../lib/libstatique.a(robotMovement.o)
                              ../lib/libstatique.a(robot.o) (_ZN13RobotMovement4initEhh)
../lib/libstatique.a(sendMap.o)
                              robot2.o (_ZN7SendMap9createMapER13Memoire24CXXX)
../lib/libstatique.a(setLed.o)
                              ../lib/libstatique.a(robot.o) (_ZN6SetLedC1EPVhhh)
../lib/libstatique.a(sonySIRCtransmitter.o)
                              robot2.o (_ZN19SonySIRCtransmitter13transmitLinesEP7Segmenth)
../lib/libstatique.a(timer0.o)
                              robot2.o (_ZN6Timer014initialisationEv)
../lib/libstatique.a(timer1.o)
                              robot2.o (_ZN6Timer114initialisationEv)
../lib/libstatique.a(uart.o)  robot2.o (_ZN4UART18initialisationUARTEv)
/usr/lib/gcc/avr/11.2.0/avr5/libgcc.a(_udivmodhi4.o)
                              robot2.o (__udivmodhi4)
/usr/lib/gcc/avr/11.2.0/avr5/libgcc.a(_exit.o)
                              /usr/lib/gcc/avr/11.2.0/../../../../avr/lib/avr5/crtatmega324pa.o (exit)
/usr/lib/gcc/avr/11.2.0/avr5/libgcc.a(_tablejump2.o)
                              robot2.o (__tablejump2__)
/usr/lib/gcc/avr/11.2.0/avr5/libgcc.a(_copy_data.o)
                              robot2.o (__do_copy_data)
/usr/lib/gcc/avr/11.2.0/avr5/libgcc.a(_clear_bss.o)
                              robot2.o (__do_clear_bss)
/usr/lib/gcc/avr/11.2.0/../../../../avr/lib/avr5/libm.a(addsf3.o)
                              ../lib/libstatique.a(midi.o) (__subsf3)
/usr/lib/gcc/avr/11.2.0/../../../../avr/lib/avr5/libm.a(addsf3x.o)
                              /usr/lib/gcc/avr/11.2.0/../../../../avr/lib/avr5/libm.a(addsf3.o) (__addsf3x)
/usr/lib/gcc/avr/11.2.0/../../../../avr/lib/avr5/libm.a(divsf3.o)
                              ../lib/libstatique.a(midi.o) (__divsf3)
/usr/lib/gcc/avr/11.2.0/../../../../avr/lib/avr5/libm.a(divsf3x.o)
                              /usr/lib/gcc/avr/11.2.0/../../../../avr/lib/avr5/libm.a(divsf3.o) (__divsf3x)
/usr/lib/gcc/avr/11.2.0/../../../../avr/lib/avr5/libm.a(fixunssfsi.o)
                              ../lib/libstatique.a(midi.o) (__fixunssfsi)
/usr/lib/gcc/avr/11.2.0/../../../../avr/lib/avr5/libm.a(floatsisf.o)
                              ../lib/libstatique.a(midi.o) (__floatunsisf)
/usr/lib/gcc/avr/11.2.0/../../../../avr/lib/avr5/libm.a(fp_inf.o)
                              /usr/lib/gcc/avr/11.2.0/../../../../avr/lib/avr5/libm.a(addsf3x.o) (__fp_inf)
/usr/lib/gcc/avr/11.2.0/../../../../avr/lib/avr5/libm.a(fp_nan.o)
                              /usr/lib/gcc/avr/11.2.0/../../../../avr/lib/avr5/libm.a(addsf3x.o) (__fp_nan)
/usr/lib/gcc/avr/11.2.0/../../../../avr/lib/avr5/libm.a(fp_pscA.o)
                              /usr/lib/gcc/avr/11.2.0/../../../../avr/lib/avr5/libm.a(addsf3x.o) (__fp_pscA)
/usr/lib/gcc/avr/11.2.0/../../../../avr/lib/avr5/libm.a(fp_pscB.o)
                              /usr/lib/gcc/avr/11.2.0/../../../../avr/lib/avr5/libm.a(addsf3x.o) (__fp_pscB)
/usr/lib/gcc/avr/11.2.0/../../../../avr/lib/avr5/libm.a(fp_round.o)
                              /usr/lib/gcc/avr/11.2.0/../../../../avr/lib/avr5/libm.a(addsf3.o) (__fp_round)
/usr/lib/gcc/avr/11.2.0/../../../../avr/lib/avr5/libm.a(fp_split3.o)
                              /usr/lib/gcc/avr/11.2.0/../../../../avr/lib/avr5/libm.a(addsf3x.o) (__fp_split3)
/usr/lib/gcc/avr/11.2.0/../../../../avr/lib/avr5/libm.a(fp_zero.o)
                              /usr/lib/gcc/avr/11.2.0/../../../../avr/lib/avr5/libm.a(addsf3x.o) (__fp_zero)
/usr/lib/gcc/avr/11.2.0/../../../../avr/lib/avr5/libm.a(mulsf3.o)
                              ../lib/libstatique.a(midi.o) (__mulsf3)
/usr/lib/gcc/avr/11.2.0/../../../../avr/lib/avr5/libm.a(mulsf3x.o)
                              /usr/lib/gcc/avr/11.2.0/../../../../avr/lib/avr5/libm.a(mulsf3.o) (__mulsf3x)

Memory Configuration

Name             Origin             Length             Attributes
text             0x0000000000000000 0x0000000000008000 xr
data             0x0000000000800060 0x0000000000000800 rw !x
eeprom           0x0000000000810000 0x0000000000000400 rw !x
fuse             0x0000000000820000 0x0000000000000003 rw !x
lock             0x0000000000830000 0x0000000000000400 rw !x
signature        0x0000000000840000 0x0000000000000400 rw !x
user_signatures  0x0000000000850000 0x0000000000000400 rw !x
*default*        0x0000000000000000 0xffffffffffffffff

Linker script and memory map

Address of section .data set to 0x800100
LOAD /usr/lib/gcc/avr/11.2.0/../../../../avr/lib/avr5/crtatmega324pa.o
LOAD robot2.o
LOAD ../lib/libstatique.a
START GROUP
LOAD /usr/lib/gcc/avr/11.2.0/avr5/libgcc.a
LOAD /usr/lib/gcc/avr/11.2.0/../../../../avr/lib/avr5/libm.a
LOAD /usr/lib/gcc/avr/11.2.0/../../../../avr/lib/avr5/libc.a
LOAD /usr/lib/gcc/avr/11.2.0/../../../../avr/lib/avr5/libatmega324pa.a
END GROUP
                [0x0000000000008000]                __TEXT_REGION_LENGTH__ = DEFINED (__TEXT_REGION_LENGTH__)?__TEXT_REGION_LENGTH__:0x20000
                [0x0000000000000800]                __DATA_REGION_LENGTH__ = DEFINED (__DATA_REGION_LENGTH__)?__DATA_REGION_LENGTH__:0xffa0
                [0x0000000000000400]                __EEPROM_REGION_LENGTH__ = DEFINED (__EEPROM_REGION_LENGTH__)?__EEPROM_REGION_LENGTH__:0x10000
                [0x0000000000000003]                __FUSE_REGION_LENGTH__ = DEFINED (__FUSE_REGION_LENGTH__)?__FUSE_REGION_LENGTH__:0x400
                0x0000000000000400                __LOCK_REGION_LENGTH__ = DEFINED (__LOCK_REGION_LENGTH__)?__LOCK_REGION_LENGTH__:0x400
                0x0000000000000400                __SIGNATURE_REGION_LENGTH__ = DEFINED (__SIGNATURE_REGION_LENGTH__)?__SIGNATURE_REGION_LENGTH__:0x400
                0x0000000000000400                __USER_SIGNATURE_REGION_LENGTH__ = DEFINED (__USER_SIGNATURE_REGION_LENGTH__)?__USER_SIGNATURE_REGION_LENGTH__:0x400

.hash
 *(.hash)

.dynsym
 *(.dynsym)

.dynstr
 *(.dynstr)

.gnu.version
 *(.gnu.version)

.gnu.version_d
 *(.gnu.version_d)

.gnu.version_r
 *(.gnu.version_r)

.rel.init
 *(.rel.init)

.rela.init
 *(.rela.init)

.rel.text
 *(.rel.text)
 *(.rel.text.*)
 *(.rel.gnu.linkonce.t*)

.rela.text
 *(.rela.text)
 *(.rela.text.*)
 *(.rela.gnu.linkonce.t*)

.rel.fini
 *(.rel.fini)

.rela.fini
 *(.rela.fini)

.rel.rodata
 *(.rel.rodata)
 *(.rel.rodata.*)
 *(.rel.gnu.linkonce.r*)

.rela.rodata
 *(.rela.rodata)
 *(.rela.rodata.*)
 *(.rela.gnu.linkonce.r*)

.rel.data
 *(.rel.data)
 *(.rel.data.*)
 *(.rel.gnu.linkonce.d*)

.rela.data
 *(.rela.data)
 *(.rela.data.*)
 *(.rela.gnu.linkonce.d*)

.rel.ctors
 *(.rel.ctors)

.rela.ctors
 *(.rela.ctors)

.rel.dtors
 *(.rel.dtors)

.rela.dtors
 *(.rela.dtors)

.rel.got
 *(.rel.got)

.rela.got
 *(.rela.got)

.rel.bss
 *(.rel.bss)

.rela.bss
 *(.rela.bss)

.rel.plt
 *(.rel.plt)

.rela.plt
 *(.rela.plt)

.text           0x0000000000000000     0x3436
 *(.vectors)
 .vectors       0x0000000000000000       0x7c /usr/lib/gcc/avr/11.2.0/../../../../avr/lib/avr5/crtatmega324pa.o
                0x0000000000000000                __vectors
                0x0000000000000000                __vector_default
 *(.vectors)
 *(.progmem.gcc*)
                0x000000000000007c                . = ALIGN (0x2)
                0x000000000000007c                __trampolines_start = .
 *(.trampolines)
 .trampolines   0x000000000000007c        0x0 linker stubs
 *(.trampolines*)
                0x000000000000007c                __trampolines_end = .
 *libprintf_flt.a:*(.progmem.data)
 *libc.a:*(.progmem.data)
 *(.progmem.*)
                0x000000000000007c                . = ALIGN (0x2)
 *(.lowtext)
 *(.lowtext*)
                0x000000000000007c                __ctors_start = .
 *(.ctors)
                0x000000000000007c                __ctors_end = .
                0x000000000000007c                __dtors_start = .
 *(.dtors)
                0x000000000000007c                __dtors_end = .
 SORT_BY_NAME(*)(.ctors)
 SORT_BY_NAME(*)(.dtors)
 *(.init0)
 .init0         0x000000000000007c        0x0 /usr/lib/gcc/avr/11.2.0/../../../../avr/lib/avr5/crtatmega324pa.o
                0x000000000000007c                __init
 *(.init0)
 *(.init1)
 *(.init1)
 *(.init2)
 .init2         0x000000000000007c        0xc /usr/lib/gcc/avr/11.2.0/../../../../avr/lib/avr5/crtatmega324pa.o
 *(.init2)
 *(.init3)
 *(.init3)
 *(.init4)
 .init4         0x0000000000000088       0x16 /usr/lib/gcc/avr/11.2.0/avr5/libgcc.a(_copy_data.o)
                0x0000000000000088                __do_copy_data
 .init4         0x000000000000009e       0x10 /usr/lib/gcc/avr/11.2.0/avr5/libgcc.a(_clear_bss.o)
                0x000000000000009e                __do_clear_bss
 *(.init4)
 *(.init5)
 *(.init5)
 *(.init6)
 *(.init6)
 *(.init7)
 *(.init7)
 *(.init8)
 *(.init8)
 *(.init9)
 .init9         0x00000000000000ae        0x8 /usr/lib/gcc/avr/11.2.0/../../../../avr/lib/avr5/crtatmega324pa.o
 *(.init9)
 *(.text)
 .text          0x00000000000000b6        0x4 /usr/lib/gcc/avr/11.2.0/../../../../avr/lib/avr5/crtatmega324pa.o
                0x00000000000000b6                __vector_22
                0x00000000000000b6                __vector_28
                0x00000000000000b6                __vector_24
                0x00000000000000b6                __vector_12
                0x00000000000000b6                __bad_interrupt
                0x00000000000000b6                __vector_6
                0x00000000000000b6                __vector_3
                0x00000000000000b6                __vector_23
                0x00000000000000b6                __vector_30
                0x00000000000000b6                __vector_25
                0x00000000000000b6                __vector_11
                0x00000000000000b6                __vector_17
                0x00000000000000b6                __vector_19
                0x00000000000000b6                __vector_7
                0x00000000000000b6                __vector_27
                0x00000000000000b6                __vector_5
                0x00000000000000b6                __vector_4
                0x00000000000000b6                __vector_9
                0x00000000000000b6                __vector_2
                0x00000000000000b6                __vector_21
                0x00000000000000b6                __vector_15
                0x00000000000000b6                __vector_29
                0x00000000000000b6                __vector_8
                0x00000000000000b6                __vector_26
                0x00000000000000b6                __vector_14
                0x00000000000000b6                __vector_10
                0x00000000000000b6                __vector_18
                0x00000000000000b6                __vector_20
 .text          0x00000000000000ba       0x68 robot2.o
                0x00000000000000ba                __vector_13
                0x00000000000000e4                __vector_1
 .text          0x0000000000000122      0x4ca ../lib/libstatique.a(makerLine.o)
                0x0000000000000122                __vector_16
                0x0000000000000146                _ZN9MakerLine16correctDeviationEh
                0x000000000000015c                _ZN9MakerLine19delayWithCorrectionEh
                0x00000000000001ae                _ZN9MakerLine26delayWithCorrectionPreciseEjh
                0x0000000000000210                _ZN9MakerLine20correctDeviationHardEh
                0x000000000000022c                _ZN9MakerLine15lineMeasurementEhR6Timer0jb
                0x0000000000000328                _ZN9MakerLine12lineMovementEhhR6Timer0jb
                0x000000000000051a                _ZN9MakerLine10turnCornerEhh
                0x0000000000000576                _ZN9MakerLine10followLineEhhR6Timer0
 .text          0x00000000000005ec      0x35e ../lib/libstatique.a(memoire_24.o)
                0x00000000000005ec                _ZN13Memoire24CXXXD2Ev
                0x00000000000005ec                _ZN13Memoire24CXXXD1Ev
                0x00000000000005ee                _ZN13Memoire24CXXX4initEv
                0x0000000000000600                _ZN13Memoire24CXXXC2Ev
                0x0000000000000600                _ZN13Memoire24CXXXC1Ev
                0x000000000000060c                _ZN13Memoire24CXXX12choisir_bancEh
                0x0000000000000622                _ZN13Memoire24CXXX7lectureEjPh
                0x00000000000006e4                _ZN13Memoire24CXXX7lectureEjPhh
                0x00000000000007ae                _ZN13Memoire24CXXX8ecritureEjh
                0x000000000000083e                _ZN13Memoire24CXXX11ecrire_pageEjPhh
                0x0000000000000900                _ZN13Memoire24CXXX8ecritureEjPhh
 .text          0x000000000000094a      0x20e ../lib/libstatique.a(midi.o)
                0x00000000000009f0                _ZN4Midi9playSoundEh
                0x0000000000000a00                _ZN4Midi9stopSoundEv
                0x0000000000000a08                _ZN4Midi4initEv
                0x0000000000000a22                _ZN4Midi4songEv
                0x0000000000000a88                _ZN4Midi5song2Ev
                0x0000000000000b2c                _ZN4Midi9deepSoundEv
 .text          0x0000000000000b58       0x7e ../lib/libstatique.a(robot.o)
                0x0000000000000b58                _ZN5RobotC1Ev
                0x0000000000000b58                _ZN5RobotC2Ev
                0x0000000000000b98                _ZN5Robot4initEhh
 .text          0x0000000000000bd6      0x320 ../lib/libstatique.a(robotMovement.o)
                0x0000000000000bd6                _ZN13RobotMovement4initEhh
                0x0000000000000bf4                _ZN13RobotMovement4waitEj
                0x0000000000000c14                _ZNK13RobotMovement9modifyPWMEhhbb
                0x0000000000000c46                _ZN13RobotMovement7forwardEh
                0x0000000000000c8e                _ZN13RobotMovement9forwardR2Eh
                0x0000000000000caa                _ZN13RobotMovement14microAjustmentEhb
                0x0000000000000cd4                _ZN13RobotMovement8backwardEh
                0x0000000000000ce4                _ZN13RobotMovement10backwardR1Eh
                0x0000000000000d22                _ZN13RobotMovement8turnLeftEh
                0x0000000000000d32                _ZN13RobotMovement18turnLeftContinuousEh
                0x0000000000000d72                _ZN13RobotMovement12turnLeftTimeEhj
                0x0000000000000dc2                _ZN13RobotMovement19turnRightContinuousEh
                0x0000000000000e08                _ZN13RobotMovement13turnRightTimeEhj
                0x0000000000000e3a                _ZN13RobotMovement4stopEv
                0x0000000000000e4c                _ZN13RobotMovement10turnLeft90Ev
                0x0000000000000e7c                _ZN13RobotMovement11turnRight90Ev
                0x0000000000000eac                _ZN13RobotMovement11turnLeft180Ev
 .text          0x0000000000000ef6     0x15a2 ../lib/libstatique.a(sendMap.o)
                0x0000000000000f4a                _ZN7SendMap12multipleCharER13Memoire24CXXXhhRj
                0x0000000000000fa2                _ZN7SendMap9createMapER13Memoire24CXXX
                0x0000000000002066                _ZN7SendMap11addSegmentsE13Memoire24CXXXP7Segmenth
                0x0000000000002172                _ZN7SendMap8addRobotE13Memoire24CXXXhb
                0x00000000000023c6                _ZN7SendMap8printMapER13Memoire24CXXX5Robotb
 .text          0x0000000000002498      0x11e ../lib/libstatique.a(setLed.o)
                0x0000000000002498                _ZN6SetLedC2EPVhhh
                0x0000000000002498                _ZN6SetLedC1EPVhhh
                0x00000000000024a4                _ZN6SetLed5blackEv
                0x00000000000024de                _ZN6SetLed5greenEv
                0x0000000000002512                _ZN6SetLed3redEv
                0x0000000000002546                _ZN6SetLed5amberEv
                0x0000000000002578                _ZN6SetLed13flashingGreenEv
 .text          0x00000000000025b6      0x28c ../lib/libstatique.a(sonySIRCtransmitter.o)
                0x00000000000025e6                _ZN19SonySIRCtransmitter9sendStartEv
                0x000000000000261a                _ZN19SonySIRCtransmitter7sendOneEv
                0x000000000000264e                _ZN19SonySIRCtransmitter8sendZeroEv
                0x0000000000002682                _ZN19SonySIRCtransmitter11sendCommandEh
                0x00000000000026d4                _ZN19SonySIRCtransmitter11sendAddressEh
                0x0000000000002726                _ZN19SonySIRCtransmitter8sendDataEhh
                0x0000000000002756                _ZN19SonySIRCtransmitter13transmitLinesEP7Segmenth
                0x000000000000281e                _ZN19SonySIRCtransmitter16sendErrorPaddingEv
 .text          0x0000000000002842       0x66 ../lib/libstatique.a(timer0.o)
                0x0000000000002842                _ZN6Timer014initialisationEv
                0x0000000000002856                _ZNK6Timer09modifyPwmEj
                0x0000000000002864                _ZN6Timer010startTimerEjb
                0x0000000000002880                _ZN6Timer09stopTimerEv
                0x0000000000002888                _ZN6Timer09send38kHzEv
 .text          0x00000000000028a8       0x70 ../lib/libstatique.a(timer1.o)
                0x00000000000028a8                _ZN6Timer114initialisationEv
                0x00000000000028bc                _ZNK6Timer19modifyPwmEjj
                0x00000000000028de                _ZN6Timer110startTimerEjb
                0x0000000000002912                _ZN6Timer19stopTimerEv
 .text          0x0000000000002918       0x62 ../lib/libstatique.a(uart.o)
                0x0000000000002918                _ZN4UART18initialisationUARTEv
                0x0000000000002936                _ZN4UART16transmissionUARTEh
                0x0000000000002944                _ZN4UART22transmissionUARTstringEPc
                0x000000000000296c                _ZN4UART13USART_ReceiveEv
 .text          0x000000000000297a        0x0 /usr/lib/gcc/avr/11.2.0/avr5/libgcc.a(_udivmodhi4.o)
 .text          0x000000000000297a        0x0 /usr/lib/gcc/avr/11.2.0/avr5/libgcc.a(_exit.o)
 .text          0x000000000000297a        0x0 /usr/lib/gcc/avr/11.2.0/avr5/libgcc.a(_tablejump2.o)
 .text          0x000000000000297a        0x0 /usr/lib/gcc/avr/11.2.0/avr5/libgcc.a(_copy_data.o)
 .text          0x000000000000297a        0x0 /usr/lib/gcc/avr/11.2.0/avr5/libgcc.a(_clear_bss.o)
 .text          0x000000000000297a        0x0 /usr/lib/gcc/avr/11.2.0/../../../../avr/lib/avr5/libm.a(addsf3.o)
 .text          0x000000000000297a        0x0 /usr/lib/gcc/avr/11.2.0/../../../../avr/lib/avr5/libm.a(addsf3x.o)
 .text          0x000000000000297a        0x0 /usr/lib/gcc/avr/11.2.0/../../../../avr/lib/avr5/libm.a(divsf3.o)
 .text          0x000000000000297a        0x0 /usr/lib/gcc/avr/11.2.0/../../../../avr/lib/avr5/libm.a(divsf3x.o)
 .text          0x000000000000297a        0x0 /usr/lib/gcc/avr/11.2.0/../../../../avr/lib/avr5/libm.a(fixunssfsi.o)
 .text          0x000000000000297a        0x0 /usr/lib/gcc/avr/11.2.0/../../../../avr/lib/avr5/libm.a(floatsisf.o)
 .text          0x000000000000297a        0x0 /usr/lib/gcc/avr/11.2.0/../../../../avr/lib/avr5/libm.a(fp_inf.o)
 .text          0x000000000000297a        0x0 /usr/lib/gcc/avr/11.2.0/../../../../avr/lib/avr5/libm.a(fp_nan.o)
 .text          0x000000000000297a        0x0 /usr/lib/gcc/avr/11.2.0/../../../../avr/lib/avr5/libm.a(fp_pscA.o)
 .text          0x000000000000297a        0x0 /usr/lib/gcc/avr/11.2.0/../../../../avr/lib/avr5/libm.a(fp_pscB.o)
 .text          0x000000000000297a        0x0 /usr/lib/gcc/avr/11.2.0/../../../../avr/lib/avr5/libm.a(fp_round.o)
 .text          0x000000000000297a        0x0 /usr/lib/gcc/avr/11.2.0/../../../../avr/lib/avr5/libm.a(fp_split3.o)
 .text          0x000000000000297a        0x0 /usr/lib/gcc/avr/11.2.0/../../../../avr/lib/avr5/libm.a(fp_zero.o)
 .text          0x000000000000297a        0x0 /usr/lib/gcc/avr/11.2.0/../../../../avr/lib/avr5/libm.a(mulsf3.o)
 .text          0x000000000000297a        0x0 /usr/lib/gcc/avr/11.2.0/../../../../avr/lib/avr5/libm.a(mulsf3x.o)
                0x000000000000297a                . = ALIGN (0x2)
 *(.text.*)
 .text.startup  0x000000000000297a      0x660 robot2.o
                0x000000000000297a                main
 .text.libgcc.mul
                0x0000000000002fda        0x0 /usr/lib/gcc/avr/11.2.0/avr5/libgcc.a(_udivmodhi4.o)
 .text.libgcc.div
                0x0000000000002fda       0x28 /usr/lib/gcc/avr/11.2.0/avr5/libgcc.a(_udivmodhi4.o)
                0x0000000000002fda                __udivmodhi4
 .text.libgcc   0x0000000000003002        0x0 /usr/lib/gcc/avr/11.2.0/avr5/libgcc.a(_udivmodhi4.o)
 .text.libgcc.prologue
                0x0000000000003002        0x0 /usr/lib/gcc/avr/11.2.0/avr5/libgcc.a(_udivmodhi4.o)
 .text.libgcc.builtins
                0x0000000000003002        0x0 /usr/lib/gcc/avr/11.2.0/avr5/libgcc.a(_udivmodhi4.o)
 .text.libgcc.fmul
                0x0000000000003002        0x0 /usr/lib/gcc/avr/11.2.0/avr5/libgcc.a(_udivmodhi4.o)
 .text.libgcc.fixed
                0x0000000000003002        0x0 /usr/lib/gcc/avr/11.2.0/avr5/libgcc.a(_udivmodhi4.o)
 .text.libgcc.mul
                0x0000000000003002        0x0 /usr/lib/gcc/avr/11.2.0/avr5/libgcc.a(_exit.o)
 .text.libgcc.div
                0x0000000000003002        0x0 /usr/lib/gcc/avr/11.2.0/avr5/libgcc.a(_exit.o)
 .text.libgcc   0x0000000000003002        0x0 /usr/lib/gcc/avr/11.2.0/avr5/libgcc.a(_exit.o)
 .text.libgcc.prologue
                0x0000000000003002        0x0 /usr/lib/gcc/avr/11.2.0/avr5/libgcc.a(_exit.o)
 .text.libgcc.builtins
                0x0000000000003002        0x0 /usr/lib/gcc/avr/11.2.0/avr5/libgcc.a(_exit.o)
 .text.libgcc.fmul
                0x0000000000003002        0x0 /usr/lib/gcc/avr/11.2.0/avr5/libgcc.a(_exit.o)
 .text.libgcc.fixed
                0x0000000000003002        0x0 /usr/lib/gcc/avr/11.2.0/avr5/libgcc.a(_exit.o)
 .text.libgcc.mul
                0x0000000000003002        0x0 /usr/lib/gcc/avr/11.2.0/avr5/libgcc.a(_tablejump2.o)
 .text.libgcc.div
                0x0000000000003002        0x0 /usr/lib/gcc/avr/11.2.0/avr5/libgcc.a(_tablejump2.o)
 .text.libgcc   0x0000000000003002        0xc /usr/lib/gcc/avr/11.2.0/avr5/libgcc.a(_tablejump2.o)
                0x0000000000003002                __tablejump2__
 .text.libgcc.prologue
                0x000000000000300e        0x0 /usr/lib/gcc/avr/11.2.0/avr5/libgcc.a(_tablejump2.o)
 .text.libgcc.builtins
                0x000000000000300e        0x0 /usr/lib/gcc/avr/11.2.0/avr5/libgcc.a(_tablejump2.o)
 .text.libgcc.fmul
                0x000000000000300e        0x0 /usr/lib/gcc/avr/11.2.0/avr5/libgcc.a(_tablejump2.o)
 .text.libgcc.fixed
                0x000000000000300e        0x0 /usr/lib/gcc/avr/11.2.0/avr5/libgcc.a(_tablejump2.o)
 .text.libgcc.mul
                0x000000000000300e        0x0 /usr/lib/gcc/avr/11.2.0/avr5/libgcc.a(_copy_data.o)
 .text.libgcc.div
                0x000000000000300e        0x0 /usr/lib/gcc/avr/11.2.0/avr5/libgcc.a(_copy_data.o)
 .text.libgcc   0x000000000000300e        0x0 /usr/lib/gcc/avr/11.2.0/avr5/libgcc.a(_copy_data.o)
 .text.libgcc.prologue
                0x000000000000300e        0x0 /usr/lib/gcc/avr/11.2.0/avr5/libgcc.a(_copy_data.o)
 .text.libgcc.builtins
                0x000000000000300e        0x0 /usr/lib/gcc/avr/11.2.0/avr5/libgcc.a(_copy_data.o)
 .text.libgcc.fmul
                0x000000000000300e        0x0 /usr/lib/gcc/avr/11.2.0/avr5/libgcc.a(_copy_data.o)
 .text.libgcc.fixed
                0x000000000000300e        0x0 /usr/lib/gcc/avr/11.2.0/avr5/libgcc.a(_copy_data.o)
 .text.libgcc.mul
                0x000000000000300e        0x0 /usr/lib/gcc/avr/11.2.0/avr5/libgcc.a(_clear_bss.o)
 .text.libgcc.div
                0x000000000000300e        0x0 /usr/lib/gcc/avr/11.2.0/avr5/libgcc.a(_clear_bss.o)
 .text.libgcc   0x000000000000300e        0x0 /usr/lib/gcc/avr/11.2.0/avr5/libgcc.a(_clear_bss.o)
 .text.libgcc.prologue
                0x000000000000300e        0x0 /usr/lib/gcc/avr/11.2.0/avr5/libgcc.a(_clear_bss.o)
 .text.libgcc.builtins
                0x000000000000300e        0x0 /usr/lib/gcc/avr/11.2.0/avr5/libgcc.a(_clear_bss.o)
 .text.libgcc.fmul
                0x000000000000300e        0x0 /usr/lib/gcc/avr/11.2.0/avr5/libgcc.a(_clear_bss.o)
 .text.libgcc.fixed
                0x000000000000300e        0x0 /usr/lib/gcc/avr/11.2.0/avr5/libgcc.a(_clear_bss.o)
 .text.avr-libc.fplib
                0x000000000000300e        0xe /usr/lib/gcc/avr/11.2.0/../../../../avr/lib/avr5/libm.a(addsf3.o)
                0x000000000000300e                __subsf3
                0x0000000000003010                __addsf3
 .text.avr-libc.fplib
                0x000000000000301c       0xcc /usr/lib/gcc/avr/11.2.0/../../../../avr/lib/avr5/libm.a(addsf3x.o)
                0x000000000000303e                __addsf3x
 .text.avr-libc.fplib
                0x00000000000030e8        0x8 /usr/lib/gcc/avr/11.2.0/../../../../avr/lib/avr5/libm.a(divsf3.o)
                0x00000000000030e8                __divsf3
 .text.avr-libc.fplib
                0x00000000000030f0       0xdc /usr/lib/gcc/avr/11.2.0/../../../../avr/lib/avr5/libm.a(divsf3x.o)
                0x0000000000003110                __divsf3x
                0x0000000000003116                __divsf3_pse
 .text.avr-libc.fplib
                0x00000000000031cc       0x5e /usr/lib/gcc/avr/11.2.0/../../../../avr/lib/avr5/libm.a(fixunssfsi.o)
                0x00000000000031cc                __fixunssfsi
 .text.avr-libc.fplib
                0x000000000000322a       0x7a /usr/lib/gcc/avr/11.2.0/../../../../avr/lib/avr5/libm.a(floatsisf.o)
                0x000000000000322a                __floatunsisf
                0x000000000000322e                __floatsisf
 .text.avr-libc.fplib
                0x00000000000032a4        0xc /usr/lib/gcc/avr/11.2.0/../../../../avr/lib/avr5/libm.a(fp_inf.o)
                0x00000000000032a4                __fp_inf
 .text.avr-libc.fplib
                0x00000000000032b0        0x6 /usr/lib/gcc/avr/11.2.0/../../../../avr/lib/avr5/libm.a(fp_nan.o)
                0x00000000000032b0                __fp_nan
 .text.avr-libc.fplib
                0x00000000000032b6        0xe /usr/lib/gcc/avr/11.2.0/../../../../avr/lib/avr5/libm.a(fp_pscA.o)
                0x00000000000032b6                __fp_pscA
 .text.avr-libc.fplib
                0x00000000000032c4        0xe /usr/lib/gcc/avr/11.2.0/../../../../avr/lib/avr5/libm.a(fp_pscB.o)
                0x00000000000032c4                __fp_pscB
 .text.avr-libc.fplib
                0x00000000000032d2       0x22 /usr/lib/gcc/avr/11.2.0/../../../../avr/lib/avr5/libm.a(fp_round.o)
                0x00000000000032d2                __fp_round
 .text.avr-libc.fplib
                0x00000000000032f4       0x44 /usr/lib/gcc/avr/11.2.0/../../../../avr/lib/avr5/libm.a(fp_split3.o)
                0x00000000000032f4                __fp_split3
                0x0000000000003304                __fp_splitA
 .text.avr-libc.fplib
                0x0000000000003338        0xe /usr/lib/gcc/avr/11.2.0/../../../../avr/lib/avr5/libm.a(fp_zero.o)
                0x0000000000003338                __fp_zero
                0x000000000000333a                __fp_szero
 .text.avr-libc.fplib
                0x0000000000003346        0x8 /usr/lib/gcc/avr/11.2.0/../../../../avr/lib/avr5/libm.a(mulsf3.o)
                0x0000000000003346                __mulsf3
 .text.avr-libc.fplib
                0x000000000000334e       0xd2 /usr/lib/gcc/avr/11.2.0/../../../../avr/lib/avr5/libm.a(mulsf3x.o)
                0x000000000000336c                __mulsf3x
                0x0000000000003372                __mulsf3_pse
                0x0000000000003420                . = ALIGN (0x2)
 *(.fini9)
 .fini9         0x0000000000003420        0x0 /usr/lib/gcc/avr/11.2.0/avr5/libgcc.a(_exit.o)
                0x0000000000003420                exit
                0x0000000000003420                _exit
 *(.fini9)
 *(.fini8)
 *(.fini8)
 *(.fini7)
 *(.fini7)
 *(.fini6)
 *(.fini6)
 *(.fini5)
 *(.fini5)
 *(.fini4)
 *(.fini4)
 *(.fini3)
 *(.fini3)
 *(.fini2)
 *(.fini2)
 *(.fini1)
 *(.fini1)
 *(.fini0)
 .fini0         0x0000000000003420        0x4 /usr/lib/gcc/avr/11.2.0/avr5/libgcc.a(_exit.o)
 *(.fini0)
 *(.hightext)
 *(.hightext*)
 *(.progmemx.*)
                0x0000000000003424                . = ALIGN (0x2)
 *(.jumptables)
 *(.jumptables*)
 .jumptables.gcc.main
                0x0000000000003424       0x12 robot2.o
                0x0000000000003436                _etext = .

.data           0x0000000000800100       0xea load address 0x0000000000003436
                0x0000000000800100                PROVIDE (__data_start = .)
 *(.data)
 .data          0x0000000000800100        0x0 /usr/lib/gcc/avr/11.2.0/../../../../avr/lib/avr5/crtatmega324pa.o
 .data          0x0000000000800100        0x2 robot2.o
                0x0000000000800100                isPositionTimerOn
                0x0000000000800101                isOnVertLine
 .data          0x0000000000800102        0x0 ../lib/libstatique.a(makerLine.o)
 .data          0x0000000000800102        0x1 ../lib/libstatique.a(memoire_24.o)
                0x0000000000800102                _ZN13Memoire24CXXX22m_adresse_peripheriqueE
 .data          0x0000000000800103        0x0 ../lib/libstatique.a(midi.o)
 .data          0x0000000000800103        0x0 ../lib/libstatique.a(robot.o)
 .data          0x0000000000800103        0x0 ../lib/libstatique.a(robotMovement.o)
 .data          0x0000000000800103        0x0 ../lib/libstatique.a(sendMap.o)
 .data          0x0000000000800103        0x0 ../lib/libstatique.a(setLed.o)
 .data          0x0000000000800103        0x0 ../lib/libstatique.a(sonySIRCtransmitter.o)
 .data          0x0000000000800103        0x0 ../lib/libstatique.a(timer0.o)
 .data          0x0000000000800103        0x0 ../lib/libstatique.a(timer1.o)
 .data          0x0000000000800103        0x0 ../lib/libstatique.a(uart.o)
 .data          0x0000000000800103        0x0 /usr/lib/gcc/avr/11.2.0/avr5/libgcc.a(_udivmodhi4.o)
 .data          0x0000000000800103        0x0 /usr/lib/gcc/avr/11.2.0/avr5/libgcc.a(_exit.o)
 .data          0x0000000000800103        0x0 /usr/lib/gcc/avr/11.2.0/avr5/libgcc.a(_tablejump2.o)
 .data          0x0000000000800103        0x0 /usr/lib/gcc/avr/11.2.0/avr5/libgcc.a(_copy_data.o)
 .data          0x0000000000800103        0x0 /usr/lib/gcc/avr/11.2.0/avr5/libgcc.a(_clear_bss.o)
 .data          0x0000000000800103        0x0 /usr/lib/gcc/avr/11.2.0/../../../../avr/lib/avr5/libm.a(addsf3.o)
 .data          0x0000000000800103        0x0 /usr/lib/gcc/avr/11.2.0/../../../../avr/lib/avr5/libm.a(addsf3x.o)
 .data          0x0000000000800103        0x0 /usr/lib/gcc/avr/11.2.0/../../../../avr/lib/avr5/libm.a(divsf3.o)
 .data          0x0000000000800103        0x0 /usr/lib/gcc/avr/11.2.0/../../../../avr/lib/avr5/libm.a(divsf3x.o)
 .data          0x0000000000800103        0x0 /usr/lib/gcc/avr/11.2.0/../../../../avr/lib/avr5/libm.a(fixunssfsi.o)
 .data          0x0000000000800103        0x0 /usr/lib/gcc/avr/11.2.0/../../../../avr/lib/avr5/libm.a(floatsisf.o)
 .data          0x0000000000800103        0x0 /usr/lib/gcc/avr/11.2.0/../../../../avr/lib/avr5/libm.a(fp_inf.o)
 .data          0x0000000000800103        0x0 /usr/lib/gcc/avr/11.2.0/../../../../avr/lib/avr5/libm.a(fp_nan.o)
 .data          0x0000000000800103        0x0 /usr/lib/gcc/avr/11.2.0/../../../../avr/lib/avr5/libm.a(fp_pscA.o)
 .data          0x0000000000800103        0x0 /usr/lib/gcc/avr/11.2.0/../../../../avr/lib/avr5/libm.a(fp_pscB.o)
 .data          0x0000000000800103        0x0 /usr/lib/gcc/avr/11.2.0/../../../../avr/lib/avr5/libm.a(fp_round.o)
 .data          0x0000000000800103        0x0 /usr/lib/gcc/avr/11.2.0/../../../../avr/lib/avr5/libm.a(fp_split3.o)
 .data          0x0000000000800103        0x0 /usr/lib/gcc/avr/11.2.0/../../../../avr/lib/avr5/libm.a(fp_zero.o)
 .data          0x0000000000800103        0x0 /usr/lib/gcc/avr/11.2.0/../../../../avr/lib/avr5/libm.a(mulsf3.o)
 .data          0x0000000000800103        0x0 /usr/lib/gcc/avr/11.2.0/../../../../avr/lib/avr5/libm.a(mulsf3x.o)
 *(.data*)
 *(.gnu.linkonce.d*)
 *(.rodata)
 .rodata        0x0000000000800103       0x87 robot2.o
 .rodata        0x000000000080018a       0x4a ../lib/libstatique.a(midi.o)
 *(.rodata*)
 .rodata.str1.1
                0x00000000008001d4       0x16 ../lib/libstatique.a(sendMap.o)
 *(.gnu.linkonce.r*)
                0x00000000008001ea                . = ALIGN (0x2)
                0x00000000008001ea                _edata = .
                0x00000000008001ea                PROVIDE (__data_end = .)

.bss            0x00000000008001ea        0x6
                0x00000000008001ea                PROVIDE (__bss_start = .)
 *(.bss)
 .bss           0x00000000008001ea        0x0 /usr/lib/gcc/avr/11.2.0/../../../../avr/lib/avr5/crtatmega324pa.o
 .bss           0x00000000008001ea        0x4 robot2.o
                0x00000000008001ea                currentState
                0x00000000008001ec                positionCounter
 .bss           0x00000000008001ee        0x2 ../lib/libstatique.a(makerLine.o)
                0x00000000008001ee                lineMeasure
 .bss           0x00000000008001f0        0x0 ../lib/libstatique.a(memoire_24.o)
 .bss           0x00000000008001f0        0x0 ../lib/libstatique.a(midi.o)
 .bss           0x00000000008001f0        0x0 ../lib/libstatique.a(robot.o)
 .bss           0x00000000008001f0        0x0 ../lib/libstatique.a(robotMovement.o)
 .bss           0x00000000008001f0        0x0 ../lib/libstatique.a(sendMap.o)
 .bss           0x00000000008001f0        0x0 ../lib/libstatique.a(setLed.o)
 .bss           0x00000000008001f0        0x0 ../lib/libstatique.a(sonySIRCtransmitter.o)
 .bss           0x00000000008001f0        0x0 ../lib/libstatique.a(timer0.o)
 .bss           0x00000000008001f0        0x0 ../lib/libstatique.a(timer1.o)
 .bss           0x00000000008001f0        0x0 ../lib/libstatique.a(uart.o)
 .bss           0x00000000008001f0        0x0 /usr/lib/gcc/avr/11.2.0/avr5/libgcc.a(_udivmodhi4.o)
 .bss           0x00000000008001f0        0x0 /usr/lib/gcc/avr/11.2.0/avr5/libgcc.a(_exit.o)
 .bss           0x00000000008001f0        0x0 /usr/lib/gcc/avr/11.2.0/avr5/libgcc.a(_tablejump2.o)
 .bss           0x00000000008001f0        0x0 /usr/lib/gcc/avr/11.2.0/avr5/libgcc.a(_copy_data.o)
 .bss           0x00000000008001f0        0x0 /usr/lib/gcc/avr/11.2.0/avr5/libgcc.a(_clear_bss.o)
 .bss           0x00000000008001f0        0x0 /usr/lib/gcc/avr/11.2.0/../../../../avr/lib/avr5/libm.a(addsf3.o)
 .bss           0x00000000008001f0        0x0 /usr/lib/gcc/avr/11.2.0/../../../../avr/lib/avr5/libm.a(addsf3x.o)
 .bss           0x00000000008001f0        0x0 /usr/lib/gcc/avr/11.2.0/../../../../avr/lib/avr5/libm.a(divsf3.o)
 .bss           0x00000000008001f0        0x0 /usr/lib/gcc/avr/11.2.0/../../../../avr/lib/avr5/libm.a(divsf3x.o)
 .bss           0x00000000008001f0        0x0 /usr/lib/gcc/avr/11.2.0/../../../../avr/lib/avr5/libm.a(fixunssfsi.o)
 .bss           0x00000000008001f0        0x0 /usr/lib/gcc/avr/11.2.0/../../../../avr/lib/avr5/libm.a(floatsisf.o)
 .bss           0x00000000008001f0        0x0 /usr/lib/gcc/avr/11.2.0/../../../../avr/lib/avr5/libm.a(fp_inf.o)
 .bss           0x00000000008001f0        0x0 /usr/lib/gcc/avr/11.2.0/../../../../avr/lib/avr5/libm.a(fp_nan.o)
 .bss           0x00000000008001f0        0x0 /usr/lib/gcc/avr/11.2.0/../../../../avr/lib/avr5/libm.a(fp_pscA.o)
 .bss           0x00000000008001f0        0x0 /usr/lib/gcc/avr/11.2.0/../../../../avr/lib/avr5/libm.a(fp_pscB.o)
 .bss           0x00000000008001f0        0x0 /usr/lib/gcc/avr/11.2.0/../../../../avr/lib/avr5/libm.a(fp_round.o)
 .bss           0x00000000008001f0        0x0 /usr/lib/gcc/avr/11.2.0/../../../../avr/lib/avr5/libm.a(fp_split3.o)
 .bss           0x00000000008001f0        0x0 /usr/lib/gcc/avr/11.2.0/../../../../avr/lib/avr5/libm.a(fp_zero.o)
 .bss           0x00000000008001f0        0x0 /usr/lib/gcc/avr/11.2.0/../../../../avr/lib/avr5/libm.a(mulsf3.o)
 .bss           0x00000000008001f0        0x0 /usr/lib/gcc/avr/11.2.0/../../../../avr/lib/avr5/libm.a(mulsf3x.o)
 *(.bss*)
 *(COMMON)
                0x00000000008001f0                PROVIDE (__bss_end = .)
                0x0000000000003436                __data_load_start = LOADADDR (.data)
                0x0000000000003520                __data_load_end = (__data_load_start + SIZEOF (.data))

.noinit         0x00000000008001f0        0x0
                [!provide]                        PROVIDE (__noinit_start = .)
 *(.noinit .noinit.* .gnu.linkonce.n.*)
                [!provide]                        PROVIDE (__noinit_end = .)
                0x00000000008001f0                _end = .
                [!provide]                        PROVIDE (__heap_start = .)

.eeprom         0x0000000000810000        0x0
 *(.eeprom*)
                0x0000000000810000                __eeprom_end = .

.fuse
 *(.fuse)
 *(.lfuse)
 *(.hfuse)
 *(.efuse)

.lock
 *(.lock*)

.signature
 *(.signature*)

.stab           0x0000000000000000     0x5958
 *(.stab)
 .stab          0x0000000000000000      0xb88 robot2.o
 .stab          0x0000000000000b88      0xb10 ../lib/libstatique.a(makerLine.o)
                                        0xb1c (size before relaxing)
 .stab          0x0000000000001698      0xc18 ../lib/libstatique.a(memoire_24.o)
                                        0xc24 (size before relaxing)
 .stab          0x00000000000022b0      0x474 ../lib/libstatique.a(midi.o)
                                        0x480 (size before relaxing)
 .stab          0x0000000000002724      0x258 ../lib/libstatique.a(robot.o)
                                        0x264 (size before relaxing)
 .stab          0x000000000000297c      0x8e8 ../lib/libstatique.a(robotMovement.o)
                                        0x8f4 (size before relaxing)
 .stab          0x0000000000003264     0x1500 ../lib/libstatique.a(sendMap.o)
                                       0x150c (size before relaxing)
 .stab          0x0000000000004764      0x438 ../lib/libstatique.a(setLed.o)
                                        0x444 (size before relaxing)
 .stab          0x0000000000004b9c      0x63c ../lib/libstatique.a(sonySIRCtransmitter.o)
                                        0x648 (size before relaxing)
 .stab          0x00000000000051d8      0x2e8 ../lib/libstatique.a(timer0.o)
                                        0x2f4 (size before relaxing)
 .stab          0x00000000000054c0      0x288 ../lib/libstatique.a(timer1.o)
                                        0x294 (size before relaxing)
 .stab          0x0000000000005748      0x210 ../lib/libstatique.a(uart.o)
                                        0x21c (size before relaxing)

.stabstr        0x0000000000000000     0xc1cc
 *(.stabstr)
 .stabstr       0x0000000000000000     0xc1cc robot2.o

.stab.excl
 *(.stab.excl)

.stab.exclstr
 *(.stab.exclstr)

.stab.index
 *(.stab.index)

.stab.indexstr
 *(.stab.indexstr)

.comment        0x0000000000000000       0x23
 *(.comment)
 .comment       0x0000000000000000       0x23 robot2.o
                                         0x24 (size before relaxing)
 .comment       0x0000000000000023       0x24 ../lib/libstatique.a(makerLine.o)
 .comment       0x0000000000000023       0x24 ../lib/libstatique.a(memoire_24.o)
 .comment       0x0000000000000023       0x24 ../lib/libstatique.a(midi.o)
 .comment       0x0000000000000023       0x24 ../lib/libstatique.a(robot.o)
 .comment       0x0000000000000023       0x24 ../lib/libstatique.a(robotMovement.o)
 .comment       0x0000000000000023       0x24 ../lib/libstatique.a(sendMap.o)
 .comment       0x0000000000000023       0x24 ../lib/libstatique.a(setLed.o)
 .comment       0x0000000000000023       0x24 ../lib/libstatique.a(sonySIRCtransmitter.o)
 .comment       0x0000000000000023       0x24 ../lib/libstatique.a(timer0.o)
 .comment       0x0000000000000023       0x24 ../lib/libstatique.a(timer1.o)
 .comment       0x0000000000000023       0x24 ../lib/libstatique.a(uart.o)

.note.gnu.avr.deviceinfo
                0x0000000000000000       0x40
 .note.gnu.avr.deviceinfo
                0x0000000000000000       0x40 /usr/lib/gcc/avr/11.2.0/../../../../avr/lib/avr5/crtatmega324pa.o

.note.gnu.build-id
 *(.note.gnu.build-id)

.debug
 *(.debug)

.line
 *(.line)

.debug_srcinfo
 *(.debug_srcinfo)

.debug_sfnames
 *(.debug_sfnames)

.debug_aranges
 *(.debug_aranges)

.debug_pubnames
 *(.debug_pubnames)

.debug_info     0x0000000000000000      0x6cc
 *(.debug_info .gnu.linkonce.wi.*)
 .debug_info    0x0000000000000000      0x6cc /usr/lib/gcc/avr/11.2.0/../../../../avr/lib/avr5/crtatmega324pa.o

.debug_abbrev   0x0000000000000000      0x66e
 *(.debug_abbrev)
 .debug_abbrev  0x0000000000000000      0x66e /usr/lib/gcc/avr/11.2.0/../../../../avr/lib/avr5/crtatmega324pa.o

.debug_line     0x0000000000000000       0x1d
 *(.debug_line .debug_line.* .debug_line_end)
 .debug_line    0x0000000000000000       0x1d /usr/lib/gcc/avr/11.2.0/../../../../avr/lib/avr5/crtatmega324pa.o

.debug_frame
 *(.debug_frame)

.debug_str      0x0000000000000000      0x255
 *(.debug_str)
 .debug_str     0x0000000000000000      0x255 /usr/lib/gcc/avr/11.2.0/../../../../avr/lib/avr5/crtatmega324pa.o

.debug_loc
 *(.debug_loc)

.debug_macinfo
 *(.debug_macinfo)

.debug_weaknames
 *(.debug_weaknames)

.debug_funcnames
 *(.debug_funcnames)

.debug_typenames
 *(.debug_typenames)

.debug_varnames
 *(.debug_varnames)

.debug_pubtypes
 *(.debug_pubtypes)

.debug_ranges
 *(.debug_ranges)

.debug_addr
 *(.debug_addr)

.debug_line_str
 *(.debug_line_str)

.debug_loclists
 *(.debug_loclists)

.debug_macro
 *(.debug_macro)

.debug_names
 *(.debug_names)

.debug_rnglists
 *(.debug_rnglists)

.debug_str_offsets
 *(.debug_str_offsets)

.debug_sup
 *(.debug_sup)
OUTPUT(robot2.elf elf32-avr)
LOAD linker stubs
